// Jest Snapshot v1, https://goo.gl/fbAQLP

exports[`<NotesCreateForm/> (Snapshot Test) renders right 1`] = `
Array [
  <div>
    <a
      href="/"
    >
      Back to home
    </a>
  </div>,
  <div
    className="notesDiv"
  >
    <form
      className="notesForm"
      onSubmit={[Function]}
    >
      <h1>
        Create new notes
      </h1>
      <label
        htmlFor="title"
      >
        Title:  
      </label>
      <input
        id="title"
        name="title"
        onChange={[Function]}
        required={true}
        type="text"
      />
      <br />
      <br />
      <label
        htmlFor="content"
      >
        Content:  
      </label>
      <textarea
        id="content"
        name="content"
        onChange={[Function]}
        required={true}
        type="text"
      />
      <br />
      <br />
      <button>
        Create
      </button>
    </form>
  </div>,
]
`;
